## 约束

- 主键约束	自增约束

-  外键约束 

- 唯一约束 

- 非空约束  

- 默认约束

  

```mysql

mysql> show databases;
+--------------------+
| Database           |
+--------------------+
| FirstTest          |
| information_schema |
| mysql              |
| performance_schema |
| sys                |
+--------------------+
5 rows in set (0.02 sec)

mysql> use FirstTest
Reading table information for completion of table and column names
You can turn off this feature to get a quicker startup with -A

Database changed

```



## 主键约束

#### 一个字段添加约束

它能够在一张表中确定唯一的一条记录，我们通过给某个字段添加约束，就可以使得该字段不重复，且不为空。

```mysql
create table User(
	id int primary key, -- id字段主键约束
  name varchar(20)
);
```

```
mysql> create table User(id int primary key,name varchar(20));
Query OK, 0 rows affected (0.04 sec)

mysql> show tables;
+---------------------+
| Tables_in_firsttest |
+---------------------+
| Pet                 |
| User                |
+---------------------+
```

```
mysql> describe User -- PRI标志着加了主键约束 可以从NUll栏看到加了约束的不可以为空
    -> ;
+-------+-------------+------+-----+---------+-------+
| Field | Type        | Null | Key | Default | Extra |
+-------+-------------+------+-----+---------+-------+
| id    | int         | NO   | PRI | NULL    |       |
| name  | varchar(20) | YES  |     | NULL    |       |
+-------+-------------+------+-----+---------+-------+
2 rows in set (0.00 sec)
```

我们来看看主键的作用：

```mysql
mysql> insert into User values(01,'whh');
Query OK, 1 row affected (0.01 sec)

mysql> insert into User values(01,'lsd'); -- id不能重复
ERROR 1062 (23000): Duplicate entry '1' for key 'user.PRIMARY'
mysql> insert into User values(01,'whh'); -- id不能重复
ERROR 1062 (23000): Duplicate entry '1' for key 'user.PRIMARY'
mysql> insert into User values(NULL,'whh'); -- id不能为空
ERROR 1048 (23000): Column 'id' cannot be null
mysql> insert into User values(02,'whh'); -- 其他可以重复
Query OK, 1 row affected (0.00 sec)
```

```
mysql> select * from User
    -> ;
+----+------+
| id | name |
+----+------+
|  1 | whh  |
|  2 | whh  |
+----+------+
2 rows in set (0.00 sec)
```

#### 联合主键

联合主键就是给多个字段添加约束

- 联合主键只在 所有被约束字段都重复了 的情况下才报错

- 联合主键任何一个字段都不能为空

```mysql
create table User2(
	id int,
  name varchar(20),
 	age int,
  primary key(id,name) -- 给id和name字段同时添加主键 多个字段添加主键就称之为'联合主键'
)
```

```
mysql> describe User2;
+-------+-------------+------+-----+---------+-------+
| Field | Type        | Null | Key | Default | Extra |
+-------+-------------+------+-----+---------+-------+
| id    | int         | NO   | PRI | NULL    |       |
| name  | varchar(20) | NO   | PRI | NULL    |       |
| age   | int         | YES  |     | NULL    |       |
+-------+-------------+------+-----+---------+-------+
```



```mysql
mysql> insert into User2 values(01,'whh',15);
-- Query OK, 1 row affected (0.01 sec)

mysql> insert into User2 values(02,'whh',16);
-- Query OK, 1 row affected (0.00 sec) -- 虽然name相同但依然可以

mysql> insert into User2 values(01,'lsd',15);
-- Query OK, 1 row affected (0.01 sec)	 -- 虽然id相同但依然可以

mysql> insert into User2 values(02,'whh',17); -- 但id和name都相同 报错
-- ERROR 1062 (23000): Duplicate entry '2-whh' for key 'user2.PRIMARY'

mysql> insert into user2 values(03,NULL,18);-- 任何一个字段都不能为空
-- ERROR 1048 (23000): Column 'name' cannot be null
```

```
mysql> select * from User2;
+----+------+------+
| id | name | age  |
+----+------+------+
|  1 | lsd  |   15 |
|  1 | whh  |   15 |
|  2 | whh  |   16 |
+----+------+------+
```

## 自增约束

自增约束可以让约束字段自动增长

```mysql
create table User3(
	id int primary key auto_increment,
  name varchar(20)
);
```

```
mysql> describe user3; //Extra栏中添加了约束的描述为自增约束
+-------+-------------+------+-----+---------+----------------+
| Field | Type        | Null | Key | Default | Extra          |
+-------+-------------+------+-----+---------+----------------+
| id    | int         | NO   | PRI | NULL    | auto_increment |
| name  | varchar(20) | YES  |     | NULL    |                |
+-------+-------------+------+-----+---------+----------------+
```

```
mysql> insert into user3(name) values('张三'); //指定添加字段只写进name
Query OK, 1 row affected (0.01 sec)

mysql> insert into user3(name) values('李四');
Query OK, 1 row affected (0.00 sec)

mysql> insert into user3(name) values('王五');
Query OK, 1 row affected (0.01 sec)

mysql> select * from user3;
+----+--------+
| id | name   |
+----+--------+
|  1 | 张三   |
|  2 | 李四   |
|  3 | 王五   |
+----+--------+
```

#### 给已创建的表补充主键约束

```
create table User4( //这个表忘记加约束了，怎么办呢？
	id int, 
  name varchar(20)
);
+-------+-------------+------+-----+---------+-------+
| Field | Type        | Null | Key | Default | Extra |
+-------+-------------+------+-----+---------+-------+
| id    | int         | YES  |     | NULL    |       |
| name  | varchar(20) | YES  |     | NULL    |       |
+-------+-------------+------+-----+---------+-------+
```

使用如下语句

```mysql
alter table 表名 add 约束(字段);
```

```mysq
mysql> alter table user4 add primary key(id);

+-------+-------------+------+-----+---------+-------+
| Field | Type        | Null | Key | Default | Extra |
+-------+-------------+------+-----+---------+-------+
| id    | int         | NO   | PRI | NULL    |       |
| name  | varchar(20) | YES  |     | NULL    |       |
+-------+-------------+------+-----+---------+-------+
```

#### 给已创建的表拿掉主键约束

```mysql
alter table 表名 drop 约束;
```

```mysq
mysql> alter table user4 drop primary key;

+-------+-------------+------+-----+---------+-------+
| Field | Type        | Null | Key | Default | Extra |
+-------+-------------+------+-----+---------+-------+
| id    | int         | NO   |     | NULL    |       |
| name  | varchar(20) | YES  |     | NULL    |       |
+-------+-------------+------+-----+---------+-------+
```

#### 给已创建的表修改主键约束

```mysql
alter table 表名 modify 字段内容 约束;
```

```
mysql> alter table user4 modify  name varchar(20) primary key;

+-------+-------------+------+-----+---------+-------+
| Field | Type        | Null | Key | Default | Extra |
+-------+-------------+------+-----+---------+-------+
| id    | int         | NO   |     | NULL    |       |
| name  | varchar(20) | NO   | PRI | NULL    |       |
+-------+-------------+------+-----+---------+-------+
```

